起点 {"RTOL":5000,"EFF":0.85,"MAXFRAC":0.6,"MARGIN":5000,"LOOK":16}  总 6.4320 (H 2.5720 N 2.0571 S 1.8028)
  轮1 RTOL=1000 -> 6.1702 (H 2.3526 N 2.0541 S 1.7635)
  轮1 RTOL=1500 -> 6.1621 (H 2.3752 N 2.0271 S 1.7599)
  轮1 RTOL=2000 -> 6.1933 (H 2.4080 N 2.0236 S 1.7617)
  轮1 RTOL=2500 -> 6.2158 (H 2.4249 N 2.0251 S 1.7658)
  轮1 RTOL=3000 -> 6.2678 (H 2.4658 N 2.0297 S 1.7723)
  轮1 RTOL=4000 -> 6.3568 (H 2.5275 N 2.0419 S 1.7874)
  轮1 ** RTOL -> 1500,总 6.1621
  轮1 EFF=0.7 -> 6.3503 (H 2.4076 N 2.1212 S 1.8215)
  轮1 EFF=0.75 -> 6.2606 (H 2.3777 N 2.0843 S 1.7985)
  轮1 EFF=0.8 -> 6.1907 (H 2.3643 N 2.0481 S 1.7783)
  轮1 EFF=0.9 -> 6.1611 (H 2.4043 N 2.0142 S 1.7426)
  轮1 ** EFF -> 0.9,总 6.1611
  轮1 MAXFRAC=0.45 -> 6.2341 (H 2.4304 N 2.0810 S 1.7227)
  轮1 MAXFRAC=0.5 -> 6.2366 (H 2.4428 N 2.0645 S 1.7293)
  轮1 MAXFRAC=0.55 -> 6.1565 (H 2.4075 N 2.0138 S 1.7351)
  轮1 MAXFRAC=0.65 -> 6.1682 (H 2.3994 N 2.0165 S 1.7523)
  轮1 MAXFRAC=0.7 -> 6.2020 (H 2.4175 N 2.0193 S 1.7653)
  轮1 MAXFRAC=0.75 -> 6.2161 (H 2.4076 N 2.0257 S 1.7828)
  轮1 ** MAXFRAC -> 0.55,总 6.1565
  轮1 MARGIN=2500 -> 6.7547 (H 2.7622 N 2.1536 S 1.8389)
  轮1 MARGIN=3500 -> 6.5364 (H 2.6135 N 2.1428 S 1.7800)
  轮1 MARGIN=6500 -> 72916666666696.5313 (H 6250000000004.5371 N 66666666666690.1484 S 1.8439) 死锁(4)
  轮1 MARGIN=8000 -> 72916666666696.9688 (H 6250000000004.7354 N 66666666666690.2891 S 1.9436) 死锁(4)
  轮1 LOOK=8 -> 6.1626 (H 2.4075 N 2.0138 S 1.7413)
  轮1 LOOK=12 -> 6.1565 (H 2.4075 N 2.0138 S 1.7351)
  轮1 LOOK=24 -> 6.1565 (H 2.4075 N 2.0138 S 1.7351)
轮 1 结束: {"RTOL":1500,"EFF":0.9,"MAXFRAC":0.55,"MARGIN":5000,"LOOK":16} 总 6.1565
  轮2 RTOL=1000 -> 6.1245 (H 2.3556 N 2.0313 S 1.7376)
  轮2 RTOL=2000 -> 6.1902 (H 2.4410 N 2.0113 S 1.7380)
  轮2 RTOL=2500 -> 6.2333 (H 2.4733 N 2.0156 S 1.7444)
  轮2 RTOL=3000 -> 6.3644 (H 2.5172 N 2.0938 S 1.7534)
  轮2 RTOL=4000 -> 6.4802 (H 2.5911 N 2.1138 S 1.7753)
  轮2 RTOL=5000 -> 6.5711 (H 2.6474 N 2.1272 S 1.7966)
  轮2 ** RTOL -> 1000,总 6.1245
  轮2 EFF=0.7 -> 6.4090 (H 2.4273 N 2.1615 S 1.8201)
  轮2 EFF=0.75 -> 6.3040 (H 2.3879 N 2.1201 S 1.7960)
  轮2 EFF=0.8 -> 6.2235 (H 2.3666 N 2.0824 S 1.7745)
  轮2 EFF=0.85 -> 6.1540 (H 2.3458 N 2.0528 S 1.7554)
  轮2 MAXFRAC=0.45 -> 6.1216 (H 2.3685 N 2.0279 S 1.7252)
  轮2 MAXFRAC=0.5 -> 6.1269 (H 2.3658 N 2.0293 S 1.7318)
  轮2 MAXFRAC=0.6 -> 6.1251 (H 2.3487 N 2.0313 S 1.7451)
  轮2 MAXFRAC=0.65 -> 6.1480 (H 2.3611 N 2.0322 S 1.7548)
  轮2 MAXFRAC=0.7 -> 6.1580 (H 2.3560 N 2.0342 S 1.7678)
  轮2 MAXFRAC=0.75 -> 6.1752 (H 2.3524 N 2.0376 S 1.7852)
  轮2 ** MAXFRAC -> 0.45,总 6.1216
  轮2 MARGIN=2500 -> 6.7134 (H 2.7203 N 2.1730 S 1.8201)
  轮2 MARGIN=3500 -> 6.4549 (H 2.5682 N 2.1274 S 1.7592)
  轮2 MARGIN=6500 -> 72916666666696.6250 (H 6250000000004.5830 N 66666666666690.1875 S 1.8567) 死锁(4)
  轮2 MARGIN=8000 -> 72916666666697.0781 (H 6250000000004.8125 N 66666666666690.2813 S 1.9797) 死锁(4)
  轮2 LOOK=8 -> 6.1220 (H 2.3685 N 2.0279 S 1.7256)
  轮2 LOOK=12 -> 6.1216 (H 2.3685 N 2.0279 S 1.7252)
  轮2 LOOK=24 -> 6.1216 (H 2.3685 N 2.0279 S 1.7252)
轮 2 结束: {"RTOL":1000,"EFF":0.9,"MAXFRAC":0.45,"MARGIN":5000,"LOOK":16} 总 6.1216
  轮3 RTOL=1500 -> 6.2341 (H 2.4304 N 2.0810 S 1.7227)
  轮3 RTOL=2000 -> 6.2575 (H 2.4421 N 2.0899 S 1.7255)
  轮3 RTOL=2500 -> 6.3198 (H 2.4950 N 2.0929 S 1.7319)
  轮3 RTOL=3000 -> 6.3728 (H 2.5351 N 2.0968 S 1.7410)
  轮3 RTOL=4000 -> 6.4933 (H 2.6115 N 2.1189 S 1.7629)
  轮3 RTOL=5000 -> 6.5821 (H 2.6667 N 2.1312 S 1.7841)
  轮3 EFF=0.7 -> 6.3799 (H 2.4175 N 2.1592 S 1.8032)
  轮3 EFF=0.75 -> 6.2784 (H 2.3802 N 2.1179 S 1.7802)
  轮3 EFF=0.8 -> 6.2002 (H 2.3604 N 2.0798 S 1.7600)
  轮3 EFF=0.85 -> 6.1443 (H 2.3525 N 2.0497 S 1.7421)
  轮3 MAXFRAC=0.5 -> 6.1269 (H 2.3658 N 2.0293 S 1.7318)
  轮3 MAXFRAC=0.55 -> 6.1245 (H 2.3556 N 2.0313 S 1.7376)
  轮3 MAXFRAC=0.6 -> 6.1251 (H 2.3487 N 2.0313 S 1.7451)
  轮3 MAXFRAC=0.65 -> 6.1480 (H 2.3611 N 2.0322 S 1.7548)
  轮3 MAXFRAC=0.7 -> 6.1580 (H 2.3560 N 2.0342 S 1.7678)
  轮3 MAXFRAC=0.75 -> 6.1752 (H 2.3524 N 2.0376 S 1.7852)
  轮3 MARGIN=2500 -> 6.7134 (H 2.7203 N 2.1730 S 1.8201)
  轮3 MARGIN=3500 -> 6.4549 (H 2.5682 N 2.1274 S 1.7592)
  轮3 MARGIN=6500 -> 72916666666696.6250 (H 6250000000004.5830 N 66666666666690.1875 S 1.8567) 死锁(4)
  轮3 MARGIN=8000 -> 72916666666697.0781 (H 6250000000004.8125 N 66666666666690.2813 S 1.9797) 死锁(4)
  轮3 LOOK=8 -> 6.1220 (H 2.3685 N 2.0279 S 1.7256)
  轮3 LOOK=12 -> 6.1216 (H 2.3685 N 2.0279 S 1.7252)
  轮3 LOOK=24 -> 6.1216 (H 2.3685 N 2.0279 S 1.7252)
轮 3 结束: {"RTOL":1000,"EFF":0.9,"MAXFRAC":0.45,"MARGIN":5000,"LOOK":16} 总 6.1216
已收敛,提前结束

最终 {"RTOL":1000,"EFF":0.9,"MAXFRAC":0.45,"MARGIN":5000,"LOOK":16}
总 6.1216 | HOLD 2.3685 NAMED 2.0279 STRESS 1.7252 | 死锁 无
