起点 {"RTOL":1000,"EFF":0.9,"MAXFRAC":0.45,"MARGIN":5000,"LOOK":16}  总 6.1216 (H 2.3685 N 2.0279 S 1.7252)
  轮1 RTOL=150 -> 6.4807 (H 2.4804 N 2.2375 S 1.7629)
  轮1 RTOL=300 -> 6.3014 (H 2.3939 N 2.1594 S 1.7481)
  轮1 RTOL=500 -> 6.1906 (H 2.3519 N 2.1018 S 1.7369)
  轮1 RTOL=700 -> 6.1311 (H 2.3413 N 2.0595 S 1.7303)
  轮1 RTOL=1500 -> 6.2341 (H 2.4304 N 2.0810 S 1.7227)
  轮1 RTOL=2500 -> 6.3198 (H 2.4950 N 2.0929 S 1.7319)
  轮1 RTOL=4000 -> 6.4933 (H 2.6115 N 2.1189 S 1.7629)
  轮1 EFF=0.8 -> 6.2002 (H 2.3604 N 2.0798 S 1.7600)
  轮1 EFF=0.85 -> 6.1443 (H 2.3525 N 2.0497 S 1.7421)
  轮1 EFF=0.95 -> 6.1505 (H 2.4257 N 2.0137 S 1.7111)
  轮1 EFF=1 -> 6.3512 (H 2.5200 N 2.1112 S 1.7201)
  轮1 MAXFRAC=0.15 -> 6.1283 (H 2.4014 N 2.0242 S 1.7027)
  轮1 MAXFRAC=0.25 -> 6.1231 (H 2.3896 N 2.0253 S 1.7082)
  轮1 MAXFRAC=0.35 -> 6.1152 (H 2.3735 N 2.0265 S 1.7153)
  轮1 MAXFRAC=0.55 -> 6.1245 (H 2.3556 N 2.0313 S 1.7376)
  轮1 MAXFRAC=0.65 -> 6.1480 (H 2.3611 N 2.0322 S 1.7548)
  轮1 MAXFRAC=0.75 -> 6.1752 (H 2.3524 N 2.0376 S 1.7852)
  轮1 ** MAXFRAC -> 0.35,总 6.1152
  轮1 MARGIN=2500 -> 6.7078 (H 2.7190 N 2.1731 S 1.8157)
  轮1 MARGIN=3500 -> 6.4589 (H 2.5782 N 2.1268 S 1.7539)
  轮1 MARGIN=6500 -> 72916666666696.6094 (H 6250000000004.5879 N 66666666666690.1797 S 1.8450) 死锁(4)
  轮1 MARGIN=8000 -> 72916666666697.0469 (H 6250000000004.8076 N 66666666666690.2734 S 1.9651) 死锁(4)
  轮1 LOOK=8 -> 6.1152 (H 2.3735 N 2.0265 S 1.7153)
  轮1 LOOK=12 -> 6.1152 (H 2.3735 N 2.0265 S 1.7153)
  轮1 LOOK=24 -> 6.1152 (H 2.3735 N 2.0265 S 1.7153)
轮 1 结束: {"RTOL":1000,"EFF":0.9,"MAXFRAC":0.35,"MARGIN":5000,"LOOK":16} 总 6.1152
  轮2 RTOL=150 -> 6.4661 (H 2.4770 N 2.2360 S 1.7530)
  轮2 RTOL=300 -> 6.2854 (H 2.3892 N 2.1580 S 1.7382)
  轮2 RTOL=500 -> 6.1728 (H 2.3454 N 2.1003 S 1.7270)
  轮2 RTOL=700 -> 6.1182 (H 2.3398 N 2.0580 S 1.7204)
  轮2 RTOL=1500 -> 6.2463 (H 2.4309 N 2.1026 S 1.7128)
  轮2 RTOL=2500 -> 6.3172 (H 2.4948 N 2.1003 S 1.7220)
  轮2 RTOL=4000 -> 6.4711 (H 2.6175 N 2.1006 S 1.7530)
  轮2 EFF=0.8 -> 6.1904 (H 2.3635 N 2.0782 S 1.7487)
  轮2 EFF=0.85 -> 6.1285 (H 2.3485 N 2.0484 S 1.7316)
  轮2 EFF=0.95 -> 6.1505 (H 2.4363 N 2.0123 S 1.7019)
  轮2 EFF=1 -> 6.3507 (H 2.5291 N 2.1098 S 1.7117)
  轮2 MAXFRAC=0.15 -> 6.1283 (H 2.4014 N 2.0242 S 1.7027)
  轮2 MAXFRAC=0.25 -> 6.1231 (H 2.3896 N 2.0253 S 1.7082)
  轮2 MAXFRAC=0.45 -> 6.1216 (H 2.3685 N 2.0279 S 1.7252)
  轮2 MAXFRAC=0.55 -> 6.1245 (H 2.3556 N 2.0313 S 1.7376)
  轮2 MAXFRAC=0.65 -> 6.1480 (H 2.3611 N 2.0322 S 1.7548)
  轮2 MAXFRAC=0.75 -> 6.1752 (H 2.3524 N 2.0376 S 1.7852)
  轮2 MARGIN=2500 -> 6.7078 (H 2.7190 N 2.1731 S 1.8157)
  轮2 MARGIN=3500 -> 6.4589 (H 2.5782 N 2.1268 S 1.7539)
  轮2 MARGIN=6500 -> 72916666666696.6094 (H 6250000000004.5879 N 66666666666690.1797 S 1.8450) 死锁(4)
  轮2 MARGIN=8000 -> 72916666666697.0469 (H 6250000000004.8076 N 66666666666690.2734 S 1.9651) 死锁(4)
  轮2 LOOK=8 -> 6.1152 (H 2.3735 N 2.0265 S 1.7153)
  轮2 LOOK=12 -> 6.1152 (H 2.3735 N 2.0265 S 1.7153)
  轮2 LOOK=24 -> 6.1152 (H 2.3735 N 2.0265 S 1.7153)
轮 2 结束: {"RTOL":1000,"EFF":0.9,"MAXFRAC":0.35,"MARGIN":5000,"LOOK":16} 总 6.1152
已收敛,提前结束

最终 {"RTOL":1000,"EFF":0.9,"MAXFRAC":0.35,"MARGIN":5000,"LOOK":16}
总 6.1152 | HOLD 2.3735 NAMED 2.0265 STRESS 1.7153 | 死锁 无
