起点 {"RTOL":1000,"EFF":0.9,"MAXFRAC":0.45,"MARGIN":5000,"LOOK":16}  总 6.0290 (H 2.2759 N 2.0279 S 1.7252)
  轮1 RTOL=150 -> 6.3870 (H 2.3867 N 2.2375 S 1.7629)
  轮1 RTOL=300 -> 6.2236 (H 2.3161 N 2.1594 S 1.7481)
  轮1 RTOL=500 -> 6.1114 (H 2.2726 N 2.1018 S 1.7369)
  轮1 RTOL=700 -> 6.0453 (H 2.2555 N 2.0595 S 1.7303)
  轮1 RTOL=1500 -> 6.1373 (H 2.3337 N 2.0810 S 1.7227)
  轮1 RTOL=2500 -> 6.2160 (H 2.3912 N 2.0929 S 1.7319)
  轮1 RTOL=4000 -> 6.3718 (H 2.4900 N 2.1189 S 1.7629)
  轮1 EFF=0.8 -> 6.1335 (H 2.2938 N 2.0798 S 1.7600)
  轮1 EFF=0.85 -> 6.0605 (H 2.2688 N 2.0497 S 1.7421)
  轮1 EFF=0.95 -> 6.0494 (H 2.3246 N 2.0137 S 1.7111)
  轮1 EFF=1 -> 6.2341 (H 2.4029 N 2.1112 S 1.7201)
  轮1 MAXFRAC=0.15 -> 6.0233 (H 2.2965 N 2.0242 S 1.7027)
  轮1 MAXFRAC=0.25 -> 6.0213 (H 2.2878 N 2.0253 S 1.7082)
  轮1 MAXFRAC=0.35 -> 6.0194 (H 2.2777 N 2.0265 S 1.7153)
  轮1 MAXFRAC=0.55 -> 6.0444 (H 2.2755 N 2.0313 S 1.7376)
  轮1 MAXFRAC=0.65 -> 6.0708 (H 2.2838 N 2.0322 S 1.7548)
  轮1 MAXFRAC=0.75 -> 6.1018 (H 2.2789 N 2.0376 S 1.7852)
  轮1 ** MAXFRAC -> 0.35,总 6.0194
  轮1 MARGIN=2500 -> 6.5923 (H 2.6036 N 2.1731 S 1.8157)
  轮1 MARGIN=3500 -> 6.3480 (H 2.4673 N 2.1268 S 1.7539)
  轮1 MARGIN=6500 -> 6.0194 (H 2.2777 N 2.0265 S 1.7153)
  轮1 MARGIN=8000 -> 6.0194 (H 2.2777 N 2.0265 S 1.7153)
  轮1 LOOK=8 -> 6.0194 (H 2.2777 N 2.0265 S 1.7153)
  轮1 LOOK=12 -> 6.0194 (H 2.2777 N 2.0265 S 1.7153)
  轮1 LOOK=24 -> 6.0194 (H 2.2777 N 2.0265 S 1.7153)
轮 1 结束: {"RTOL":1000,"EFF":0.9,"MAXFRAC":0.35,"MARGIN":5000,"LOOK":16} 总 6.0194
  轮2 RTOL=150 -> 6.3710 (H 2.3820 N 2.2360 S 1.7530)
  轮2 RTOL=300 -> 6.2063 (H 2.3101 N 2.1580 S 1.7382)
  轮2 RTOL=500 -> 6.0936 (H 2.2662 N 2.1003 S 1.7270)
  轮2 RTOL=700 -> 6.0297 (H 2.2513 N 2.0580 S 1.7204)
  轮2 RTOL=1500 -> 6.1460 (H 2.3306 N 2.1026 S 1.7128)
  轮2 RTOL=2500 -> 6.2104 (H 2.3880 N 2.1003 S 1.7220)
  轮2 RTOL=4000 -> 6.3479 (H 2.4943 N 2.1006 S 1.7530)
  轮2 EFF=0.8 -> 6.1137 (H 2.2868 N 2.0782 S 1.7487)
  轮2 EFF=0.85 -> 6.0421 (H 2.2621 N 2.0484 S 1.7316)
  轮2 EFF=0.95 -> 6.0434 (H 2.3292 N 2.0123 S 1.7019)
  轮2 EFF=1 -> 6.2289 (H 2.4073 N 2.1098 S 1.7117)
  轮2 MAXFRAC=0.15 -> 6.0233 (H 2.2965 N 2.0242 S 1.7027)
  轮2 MAXFRAC=0.25 -> 6.0213 (H 2.2878 N 2.0253 S 1.7082)
  轮2 MAXFRAC=0.45 -> 6.0290 (H 2.2759 N 2.0279 S 1.7252)
  轮2 MAXFRAC=0.55 -> 6.0444 (H 2.2755 N 2.0313 S 1.7376)
  轮2 MAXFRAC=0.65 -> 6.0708 (H 2.2838 N 2.0322 S 1.7548)
  轮2 MAXFRAC=0.75 -> 6.1018 (H 2.2789 N 2.0376 S 1.7852)
  轮2 MARGIN=2500 -> 6.5923 (H 2.6036 N 2.1731 S 1.8157)
  轮2 MARGIN=3500 -> 6.3480 (H 2.4673 N 2.1268 S 1.7539)
  轮2 MARGIN=6500 -> 6.0194 (H 2.2777 N 2.0265 S 1.7153)
  轮2 MARGIN=8000 -> 6.0194 (H 2.2777 N 2.0265 S 1.7153)
  轮2 LOOK=8 -> 6.0194 (H 2.2777 N 2.0265 S 1.7153)
  轮2 LOOK=12 -> 6.0194 (H 2.2777 N 2.0265 S 1.7153)
  轮2 LOOK=24 -> 6.0194 (H 2.2777 N 2.0265 S 1.7153)
轮 2 结束: {"RTOL":1000,"EFF":0.9,"MAXFRAC":0.35,"MARGIN":5000,"LOOK":16} 总 6.0194
已收敛,提前结束

最终 {"RTOL":1000,"EFF":0.9,"MAXFRAC":0.35,"MARGIN":5000,"LOOK":16}
总 6.0194 | HOLD 2.2777 NAMED 2.0265 STRESS 1.7153 | 死锁 无
