=== LOOK 扫描 (FRAC=0.6) ===
MARGIN=5000 FRAC=0.6 EFF=0.85 TOL=5000 LOOK=8 | HOLD 均分 2.5720 峰值中位 574 | NAMED 均分 2.0571 峰值中位 739 | STRESS 均分 1.8140 峰值中位 693 | 三组均分之和 6.4432
MARGIN=5000 FRAC=0.6 EFF=0.85 TOL=5000 LOOK=12 | HOLD 均分 2.5720 峰值中位 574 | NAMED 均分 2.0571 峰值中位 739 | STRESS 均分 1.8028 峰值中位 800 | 三组均分之和 6.4320
MARGIN=5000 FRAC=0.6 EFF=0.85 TOL=5000 LOOK=16 | HOLD 均分 2.5720 峰值中位 574 | NAMED 均分 2.0571 峰值中位 739 | STRESS 均分 1.8028 峰值中位 800 | 三组均分之和 6.4320
MARGIN=5000 FRAC=0.6 EFF=0.85 TOL=5000 LOOK=24 | HOLD 均分 2.5720 峰值中位 574 | NAMED 均分 2.0571 峰值中位 739 | STRESS 均分 1.8028 峰值中位 800 | 三组均分之和 6.4320
MARGIN=5000 FRAC=0.6 EFF=0.85 TOL=5000 LOOK=32 | HOLD 均分 2.5720 峰值中位 574 | NAMED 均分 2.0571 峰值中位 739 | STRESS 均分 1.8028 峰值中位 800 | 三组均分之和 6.4320
MARGIN=5000 FRAC=0.6 EFF=0.85 TOL=5000 LOOK=48 | HOLD 均分 2.5720 峰值中位 574 | NAMED 均分 2.0571 峰值中位 739 | STRESS 均分 1.8028 峰值中位 800 | 三组均分之和 6.4320

=== FRAC 细扫 (LOOK=最优区间 24) ===
MARGIN=5000 FRAC=0.75 EFF=0.85 TOL=5000 LOOK=24 | HOLD 均分 2.5673 峰值中位 574 | NAMED 均分 2.0747 峰值中位 739 | STRESS 均分 1.8448 峰值中位 730 | 三组均分之和 6.4869
MARGIN=5000 FRAC=0.7 EFF=0.85 TOL=5000 LOOK=24 | HOLD 均分 2.5639 峰值中位 574 | NAMED 均分 2.0628 峰值中位 739 | STRESS 均分 1.8269 峰值中位 792 | 三组均分之和 6.4536
MARGIN=5000 FRAC=0.65 EFF=0.85 TOL=5000 LOOK=24 | HOLD 均分 2.5670 峰值中位 574 | NAMED 均分 2.0591 峰值中位 739 | STRESS 均分 1.8133 峰值中位 800 | 三组均分之和 6.4393
MARGIN=5000 FRAC=0.6 EFF=0.85 TOL=5000 LOOK=24 | HOLD 均分 2.5720 峰值中位 574 | NAMED 均分 2.0571 峰值中位 739 | STRESS 均分 1.8028 峰值中位 800 | 三组均分之和 6.4320
MARGIN=5000 FRAC=0.55 EFF=0.85 TOL=5000 LOOK=24 | HOLD 均分 2.5887 峰值中位 574 | NAMED 均分 2.1335 峰值中位 739 | STRESS 均分 1.7947 峰值中位 800 | 三组均分之和 6.5169
MARGIN=5000 FRAC=0.5 EFF=0.85 TOL=5000 LOOK=24 | HOLD 均分 2.5921 峰值中位 574 | NAMED 均分 2.1309 峰值中位 739 | STRESS 均分 1.7884 峰值中位 800 | 三组均分之和 6.5114

=== EFF 扫描 (FRAC=0.6 LOOK=24) ===
MARGIN=5000 FRAC=0.6 EFF=0.7 TOL=5000 LOOK=24 | HOLD 均分 2.4931 峰值中位 547 | NAMED 均分 2.1163 峰值中位 699 | STRESS 均分 1.8391 峰值中位 800 | 三组均分之和 6.4486
MARGIN=5000 FRAC=0.6 EFF=0.8 TOL=5000 LOOK=24 | HOLD 均分 2.5376 峰值中位 564 | NAMED 均分 2.0657 峰值中位 726 | STRESS 均分 1.8118 峰值中位 800 | 三组均分之和 6.4150
MARGIN=5000 FRAC=0.6 EFF=0.85 TOL=5000 LOOK=24 | HOLD 均分 2.5720 峰值中位 574 | NAMED 均分 2.0571 峰值中位 739 | STRESS 均分 1.8028 峰值中位 800 | 三组均分之和 6.4320
MARGIN=5000 FRAC=0.6 EFF=0.9 TOL=5000 LOOK=24 | HOLD 均分 2.6385 峰值中位 584 | NAMED 均分 2.1083 峰值中位 750 | STRESS 均分 1.8041 峰值中位 800 | 三组均分之和 6.5509
MARGIN=5000 FRAC=0.6 EFF=0.95 TOL=5000 LOOK=24 | HOLD 均分 2.7031 峰值中位 592 | NAMED 均分 2.1423 峰值中位 760 | STRESS 均分 1.8197 峰值中位 800 | 三组均分之和 6.6650
MARGIN=5000 FRAC=0.6 EFF=1 TOL=5000 LOOK=24 | HOLD 均分 2.7887 峰值中位 603 | NAMED 均分 2.1866 峰值中位 770 | STRESS 均分 1.8467 峰值中位 800 | 三组均分之和 6.8220

=== ROUTE_TOL 扫描 (FRAC=0.6 LOOK=24 EFF=0.85) ===
MARGIN=5000 FRAC=0.6 EFF=0.85 TOL=2500 LOOK=24 | HOLD 均分 2.4249 峰值中位 562 | NAMED 均分 2.0251 峰值中位 739 | STRESS 均分 1.7658 峰值中位 800 | 三组均分之和 6.2158
MARGIN=5000 FRAC=0.6 EFF=0.85 TOL=4000 LOOK=24 | HOLD 均分 2.5275 峰值中位 567 | NAMED 均分 2.0419 峰值中位 739 | STRESS 均分 1.7874 峰值中位 800 | 三组均分之和 6.3568
MARGIN=5000 FRAC=0.6 EFF=0.85 TOL=5000 LOOK=24 | HOLD 均分 2.5720 峰值中位 574 | NAMED 均分 2.0571 峰值中位 739 | STRESS 均分 1.8028 峰值中位 800 | 三组均分之和 6.4320
MARGIN=5000 FRAC=0.6 EFF=0.85 TOL=6500 LOOK=24 | HOLD 均分 2.6395 峰值中位 580 | NAMED 均分 2.0821 峰值中位 739 | STRESS 均分 1.8266 峰值中位 800 | 三组均分之和 6.5481
MARGIN=5000 FRAC=0.6 EFF=0.85 TOL=8000 LOOK=24 | HOLD 均分 2.6958 峰值中位 587 | NAMED 均分 2.1179 峰值中位 739 | STRESS 均分 1.8585 峰值中位 800 | 三组均分之和 6.6722
